
> sang-logium@0.1.0 build
> next build

   ▲ Next.js 15.3.5
   - Environments: .env.local, .env.production
   - Experiments (use with caution):
     ✓ optimizeCss

   Creating an optimized production build ...
